// Jest Snapshot v1, https://goo.gl/fbAQLP

exports[`All Countries renders 1`] = `
<div
  className="countriesContainer d-flex"
>
  <div
    aria-hidden="true"
    className="countryBox d-flex col ck"
    onClick={[Function]}
  >
    <div
      className="arrowIcon d-flex"
    >
      <i
        aria-hidden="true"
        className="bi bi-arrow-right-circle ck"
        onClick={[Function]}
      />
    </div>
    <div
      className="countryInfo d-flex col"
    >
      <div
        className="lato bold countryName"
      >
        Afghanistan
      </div>
      <div
        className="countryTotal"
      >
        175000
      </div>
    </div>
  </div>
  <div
    aria-hidden="true"
    className="countryBox d-flex col ck"
    onClick={[Function]}
  >
    <div
      className="arrowIcon d-flex"
    >
      <i
        aria-hidden="true"
        className="bi bi-arrow-right-circle ck"
        onClick={[Function]}
      />
    </div>
    <div
      className="countryInfo d-flex col"
    >
      <div
        className="lato bold countryName"
      >
        Albania
      </div>
      <div
        className="countryTotal"
      >
        272250
      </div>
    </div>
  </div>
  <div
    aria-hidden="true"
    className="countryBox d-flex col ck"
    onClick={[Function]}
  >
    <div
      className="arrowIcon d-flex"
    >
      <i
        aria-hidden="true"
        className="bi bi-arrow-right-circle ck"
        onClick={[Function]}
      />
    </div>
    <div
      className="countryInfo d-flex col"
    >
      <div
        className="lato bold countryName"
      >
        Algeria
      </div>
      <div
        className="countryTotal"
      >
        265297
      </div>
    </div>
  </div>
  <div
    aria-hidden="true"
    className="countryBox d-flex col ck"
    onClick={[Function]}
  >
    <p>
      Source: Johns Hopkins University.
    </p>
    <p>
      API by Narrativa
    </p>
  </div>
</div>
`;
