// Jest Snapshot v1, https://goo.gl/fbAQLP

exports[`App renders 1`] = `
<main
  className="main d-flex col"
>
  <div>
    <div
      className="homeHeader d-flex"
    >
      <div
        className="home-left d-flex col"
      >
        <p
          className="covid-title mainTitle lato"
        >
          COVID19 GLOBAL STATS
        </p>
      </div>
      <div
        className="home-right d-flex col"
      >
        <div
          className="subTitle lato bold"
        >
          Worldwide Stats:
        </div>
        <div
          className="d-flex worldData"
        >
          <p>
            Date:
          </p>
          <p>
            2022-03-07
          </p>
        </div>
        <div
          className="d-flex worldData"
        >
          <p>
            Total cases:
          </p>
          <p>
            0
          </p>
        </div>
        <div
          className="d-flex worldData"
        >
          <p>
            Total deaths:
          </p>
          <p>
            0
          </p>
        </div>
      </div>
    </div>
    <div
      className="separator d-flex col"
    >
      <p
        className="lato bold totalTitle"
      >
        Total Cases By Country
      </p>
      <p>
        Select one country for more information
      </p>
    </div>
    <div
      className="countriesContainer d-flex"
    >
      <div
        aria-hidden="true"
        className="countryBox d-flex col ck"
        onClick={[Function]}
      >
        <p>
          Source: Johns Hopkins University.
        </p>
        <p>
          API by Narrativa
        </p>
      </div>
    </div>
  </div>
</main>
`;
