// Jest Snapshot v1, https://goo.gl/fbAQLP

exports[`World Data renders 1`] = `
<div
  className="homeHeader d-flex"
>
  <div
    className="home-left d-flex col"
  >
    <p
      className="covid-title mainTitle lato"
    >
      COVID19 GLOBAL STATS
    </p>
  </div>
  <div
    className="home-right d-flex col"
  >
    <div
      className="subTitle lato bold"
    >
      Worldwide Stats:
    </div>
    <div
      className="d-flex"
    >
      <p>
        Date:
      </p>
      <p>
        2022-03-07
      </p>
    </div>
    <div
      className="d-flex"
    >
      <p>
        Total cases:
      </p>
      <p>
        447338425
      </p>
    </div>
    <div
      className="d-flex"
    >
      <p>
        Total deaths:
      </p>
      <p>
        6006031
      </p>
    </div>
  </div>
</div>
`;
